--- 
recorded_with: VCR 2.3.0
http_interactions: 
- request: 
    method: delete
    uri: https://admin:admin@localhost/pulp/api/v2/users/integration_test_user/
    body: 
      string: ""
    headers: 
      Accept: 
      - application/json
      Content-Type: 
      - application/json
      Accept-Encoding: 
      - gzip, deflate
  response: 
    status: 
      code: 200
      message: OK
    headers: 
      Date: 
      - Wed, 28 Nov 2012 19:15:19 GMT
      Server: 
      - Apache/2.2.22 (Fedora)
      Content-Type: 
      - application/json
      Content-Length: 
      - "4"
    body: 
      string: "null"
    http_version: 
  recorded_at: Wed, 28 Nov 2012 19:15:20 GMT
- request: 
    method: get
    uri: https://admin:admin@localhost/pulp/api/v2/users/
    body: 
      string: ""
    headers: 
      Accept: 
      - application/json
      Content-Type: 
      - application/json
      Accept-Encoding: 
      - gzip, deflate
  response: 
    status: 
      code: 200
      message: OK
    headers: 
      Date: 
      - Wed, 28 Nov 2012 19:15:21 GMT
      Server: 
      - Apache/2.2.22 (Fedora)
      Content-Type: 
      - application/json
      Content-Length: 
      - "674"
    body: 
      string: "[{\"_id\": {\"$oid\": \"50b65a609c60ed40db000002\"}, \"name\": \"admin\", \"roles\": [\"super-users\"], \"_ns\": \"users\", \"login\": \"admin\", \"id\": \"50b65a609c60ed40db000002\", \"_href\": \"/pulp/api/v2/users/admin/\"}, {\"_id\": {\"$oid\": \"50b65a8a9c60ed40db00001d\"}, \"name\": \"hidden-jHiT48-9d6cb961\", \"roles\": [\"super-users\"], \"_ns\": \"users\", \"login\": \"hidden-jHiT48-9d6cb961\", \"id\": \"50b65a8a9c60ed40db00001d\", \"_href\": \"/pulp/api/v2/users/hidden-jHiT48-9d6cb961/\"}, {\"_id\": {\"$oid\": \"50b662c99c60ed40db00205e\"}, \"name\": \"integration_test_user\", \"roles\": [], \"_ns\": \"users\", \"login\": \"integration_test_user\", \"id\": \"50b662c99c60ed40db00205e\", \"_href\": \"/pulp/api/v2/users/integration_test_user/\"}]"
    http_version: 
  recorded_at: Wed, 28 Nov 2012 19:15:22 GMT
- request: 
    method: get
    uri: https://admin:admin@localhost/pulp/api/v2/users/integration_test_user/
    body: 
      string: ""
    headers: 
      Accept: 
      - application/json
      Content-Type: 
      - application/json
      Accept-Encoding: 
      - gzip, deflate
  response: 
    status: 
      code: 200
      message: OK
    headers: 
      Date: 
      - Wed, 28 Nov 2012 19:15:23 GMT
      Server: 
      - Apache/2.2.22 (Fedora)
      Content-Type: 
      - application/json
      Content-Length: 
      - "247"
    body: 
      string: "{\"_id\": {\"$oid\": \"50b662ca9c60ed40db002076\"}, \"name\": \"integration_test_user\", \"roles\": [], \"_ns\": \"users\", \"login\": \"integration_test_user\", \"password\": null, \"id\": \"50b662ca9c60ed40db002076\", \"_href\": \"/pulp/api/v2/users/integration_test_user/\"}"
    http_version: 
  recorded_at: Wed, 28 Nov 2012 19:15:23 GMT
- request: 
    method: post
    uri: https://admin:admin@localhost/pulp/api/v2/users/
    body: 
      string: "{\"login\":\"integration_test_user\"}"
    headers: 
      Accept: 
      - application/json
      Content-Type: 
      - application/json
      Content-Length: 
      - "33"
      Accept-Encoding: 
      - gzip, deflate
  response: 
    status: 
      code: 201
      message: Created
    headers: 
      Date: 
      - Wed, 28 Nov 2012 19:15:25 GMT
      Location: 
      - integration_test_user
      Server: 
      - Apache/2.2.22 (Fedora)
      Content-Type: 
      - application/json
      Content-Length: 
      - "229"
    body: 
      string: "{\"_id\": {\"$oid\": \"50b662cd9c60ed40db0020bc\"}, \"name\": \"integration_test_user\", \"roles\": [], \"_ns\": \"users\", \"login\": \"integration_test_user\", \"id\": \"50b662cd9c60ed40db0020bc\", \"_href\": \"/pulp/api/v2/users/integration_test_user/\"}"
    http_version: 
  recorded_at: Wed, 28 Nov 2012 19:15:25 GMT
